<?xml version="1.0" encoding="UTF-8"?>
<testsuites name="jest tests" tests="2" failures="0" errors="0" time="2.141">
  <testsuite name="Health &amp; Metrics" errors="0" failures="0" skipped="0" timestamp="2025-09-13T00:54:17" time="2.037" tests="2">
    <testcase classname="Health &amp; Metrics GET /healthz -&gt; 200" name="Health &amp; Metrics GET /healthz -&gt; 200" time="0.028">
    </testcase>
    <testcase classname="Health &amp; Metrics GET /metrics -&gt; 200 text/plain" name="Health &amp; Metrics GET /metrics -&gt; 200 text/plain" time="0.01">
    </testcase>
  </testsuite>
</testsuites>